{
  "exclude": {
    "files": "(.*pnpm-lock.*|.*js.*|node_modules|.venv|.*jinja2.*|.*woff2.*)|^.secrets.baseline$|^.env$",
    "lines": null
  },
  "generated_at": "2025-11-05T11:32:22Z",
  "plugins_used": [
    {
      "name": "AWSKeyDetector"
    },
    {
      "name": "ArtifactoryDetector"
    },
    {
      "name": "AzureStorageKeyDetector"
    },
    {
      "base64_limit": 4.5,
      "name": "Base64HighEntropyString"
    },
    {
      "name": "BasicAuthDetector"
    },
    {
      "name": "BoxDetector"
    },
    {
      "name": "CloudantDetector"
    },
    {
      "ghe_instance": "github.ibm.com",
      "name": "GheDetector"
    },
    {
      "name": "GitHubTokenDetector"
    },
    {
      "hex_limit": 3,
      "name": "HexHighEntropyString"
    },
    {
      "name": "IbmCloudIamDetector"
    },
    {
      "name": "IbmCosHmacDetector"
    },
    {
      "name": "JwtTokenDetector"
    },
    {
      "keyword_exclude": null,
      "name": "KeywordDetector"
    },
    {
      "name": "MailchimpDetector"
    },
    {
      "name": "NpmDetector"
    },
    {
      "name": "PrivateKeyDetector"
    },
    {
      "name": "SlackDetector"
    },
    {
      "name": "SoftlayerDetector"
    },
    {
      "name": "SquareOAuthDetector"
    },
    {
      "name": "StripeDetector"
    },
    {
      "name": "TwilioKeyDetector"
    }
  ],
  "results": {
    "content/docs/customization/environment.mdx": [
      {
        "hashed_secret": "aecdccc1cf64595b34e0cc152d238daabb32183a",
        "is_secret": false,
        "is_verified": false,
        "line_number": 16,
        "type": "Secret Keyword",
        "verified_result": null
      },
      {
        "hashed_secret": "66ea1e1166c9e94e94b05b49eea3cb4f31f30534",
        "is_secret": false,
        "is_verified": false,
        "line_number": 343,
        "type": "Secret Keyword",
        "verified_result": null
      }
    ],
    "content/docs/customization/llm-config.mdx": [
      {
        "hashed_secret": "018f4d7f06cb8626e1756452581373e05ae41c56",
        "is_secret": false,
        "is_verified": false,
        "line_number": 102,
        "type": "Secret Keyword",
        "verified_result": null
      }
    ],
    "content/docs/customization/tools.mdx": [
      {
        "hashed_secret": "02ffa1d0794b279e5bb0f01c59c28db7aabc6457",
        "is_secret": false,
        "is_verified": false,
        "line_number": 219,
        "type": "Secret Keyword",
        "verified_result": null
      },
      {
        "hashed_secret": "45d676e7c6ab44cf4b8fa366ef2d8fccd3e6d6e6",
        "is_secret": false,
        "is_verified": false,
        "line_number": 417,
        "type": "Secret Keyword",
        "verified_result": null
      },
      {
        "hashed_secret": "c303df00cd0a72b21c62900b758b06fc541664ce",
        "is_secret": false,
        "is_verified": false,
        "line_number": 429,
        "type": "Secret Keyword",
        "verified_result": null
      }
    ],
    "content/docs/getting-started/index.mdx": [
      {
        "hashed_secret": "cf4a956e75901c220c0f5fbaec41987fc6177345",
        "is_secret": false,
        "is_verified": false,
        "line_number": 210,
        "type": "Secret Keyword",
        "verified_result": null
      }
    ],
    "content/docs/getting-started/installation.mdx": [
      {
        "hashed_secret": "cf4a956e75901c220c0f5fbaec41987fc6177345",
        "is_secret": false,
        "is_verified": false,
        "line_number": 143,
        "type": "Secret Keyword",
        "verified_result": null
      },
      {
        "hashed_secret": "a3e14ca24483c78554c083bc907c7194c7846ef1",
        "is_secret": false,
        "is_verified": false,
        "line_number": 251,
        "type": "Secret Keyword",
        "verified_result": null
      }
    ],
    "content/docs/guides/mcp-server.mdx": [
      {
        "hashed_secret": "31b39b4c464eab8599f84caec3a1140c2ba09b0f",
        "is_secret": false,
        "is_verified": false,
        "line_number": 35,
        "type": "Secret Keyword",
        "verified_result": null
      },
      {
        "hashed_secret": "c6f3ce5fed657878f0dace0a5813a3e1697a259f",
        "is_secret": false,
        "is_verified": false,
        "line_number": 206,
        "type": "Secret Keyword",
        "verified_result": null
      }
    ],
    "content/docs/guides/openapi-integration.mdx": [
      {
        "hashed_secret": "31b39b4c464eab8599f84caec3a1140c2ba09b0f",
        "is_secret": false,
        "is_verified": false,
        "line_number": 33,
        "type": "Secret Keyword",
        "verified_result": null
      },
      {
        "hashed_secret": "05672043f03564fec5403ccfc5a42d2dfc4b5300",
        "is_secret": false,
        "is_verified": false,
        "line_number": 101,
        "type": "Secret Keyword",
        "verified_result": null
      }
    ],
    "content/docs/old-configuration/environment.mdx": [
      {
        "hashed_secret": "aecdccc1cf64595b34e0cc152d238daabb32183a",
        "is_secret": false,
        "is_verified": false,
        "line_number": 16,
        "type": "Secret Keyword",
        "verified_result": null
      },
      {
        "hashed_secret": "66ea1e1166c9e94e94b05b49eea3cb4f31f30534",
        "is_secret": false,
        "is_verified": false,
        "line_number": 343,
        "type": "Secret Keyword",
        "verified_result": null
      }
    ],
    "content/docs/old-configuration/model-setup.mdx": [
      {
        "hashed_secret": "018f4d7f06cb8626e1756452581373e05ae41c56",
        "is_secret": false,
        "is_verified": false,
        "line_number": 102,
        "type": "Secret Keyword",
        "verified_result": null
      }
    ],
    "content/docs/usage/api-integration.mdx": [
      {
        "hashed_secret": "02ffa1d0794b279e5bb0f01c59c28db7aabc6457",
        "is_secret": false,
        "is_verified": false,
        "line_number": 219,
        "type": "Secret Keyword",
        "verified_result": null
      },
      {
        "hashed_secret": "45d676e7c6ab44cf4b8fa366ef2d8fccd3e6d6e6",
        "is_secret": false,
        "is_verified": false,
        "line_number": 417,
        "type": "Secret Keyword",
        "verified_result": null
      },
      {
        "hashed_secret": "c303df00cd0a72b21c62900b758b06fc541664ce",
        "is_secret": false,
        "is_verified": false,
        "line_number": 429,
        "type": "Secret Keyword",
        "verified_result": null
      }
    ]
  },
  "version": "0.13.1+ibm.64.dss",
  "word_list": {
    "file": null,
    "hash": null
  }
}
